// Jest Snapshot v1, https://goo.gl/fbAQLP

exports[`expect to render Navigation component 1`] = `
<nav
  className="nav-bar"
>
  <h1
    className="logo"
  >
    TaskIT
  </h1>
  <ul
    className="main-nav"
  >
    <li
      className="link dim pointer mr4"
      onClick={[Function]}
    >
      Sign In
    </li>
    <li
      className="link dim pointer"
      onClick={[Function]}
    >
      Register
    </li>
  </ul>
</nav>
`;
